Traceback (most recent call last):
  File "<frozen runpy>", line 198, in _run_module_as_main
  File "<frozen runpy>", line 88, in _run_code
  File "/Users/ramanjotsingh/Desktop/ScrapeIT/Speedy-Scraper/speedy_scraper/lead_job.py", line 895, in <module>
    main()
    ~~~~^^
  File "/Users/ramanjotsingh/Desktop/ScrapeIT/Speedy-Scraper/speedy_scraper/lead_job.py", line 891, in main
    run_lead_job(args.job_dir)
    ~~~~~~~~~~~~^^^^^^^^^^^^^^
  File "/Users/ramanjotsingh/Desktop/ScrapeIT/Speedy-Scraper/speedy_scraper/lead_job.py", line 168, in run_lead_job
    query_index, source_index, page_index = _run_search_phase(
                                            ~~~~~~~~~~~~~~~~~^
        path,
        ^^^^^
    ...<15 lines>...
        source_builder=source_builder,
        ^^^^^^^^^^^^^^^^^^^^^^^^^^^^^^
    )
    ^
  File "/Users/ramanjotsingh/Desktop/ScrapeIT/Speedy-Scraper/speedy_scraper/lead_job.py", line 448, in _run_search_phase
    batch = search_source_page(
        source,
    ...<3 lines>...
        headless=config.browser_headless,
    )
  File "/Users/ramanjotsingh/Desktop/ScrapeIT/Speedy-Scraper/speedy_scraper/sources.py", line 558, in search_source_page
    return method(
        query,
    ...<2 lines>...
        headless=headless,
    )
  File "/Users/ramanjotsingh/Desktop/ScrapeIT/Speedy-Scraper/speedy_scraper/sources.py", line 297, in search_page
    html = _wait_for_manual_challenge(page_obj, self.manual_challenge_seconds)
  File "/Users/ramanjotsingh/Desktop/ScrapeIT/Speedy-Scraper/speedy_scraper/sources.py", line 742, in _wait_for_manual_challenge
    page_obj.wait_for_timeout(1000)
    ~~~~~~~~~~~~~~~~~~~~~~~~~^^^^^^
  File "/Users/ramanjotsingh/Desktop/ScrapeIT/Speedy-Scraper/.venv/lib/python3.13/site-packages/playwright/sync_api/_generated.py", line 12696, in wait_for_timeout
    self._sync(
    ~~~~~~~~~~^
        self._impl_obj.wait_for_timeout(timeout=to_milliseconds(timeout))
        ^^^^^^^^^^^^^^^^^^^^^^^^^^^^^^^^^^^^^^^^^^^^^^^^^^^^^^^^^^^^^^^^^
    )
    ^
  File "/Users/ramanjotsingh/Desktop/ScrapeIT/Speedy-Scraper/.venv/lib/python3.13/site-packages/playwright/_impl/_sync_base.py", line 115, in _sync
    return task.result()
           ~~~~~~~~~~~^^
  File "/Users/ramanjotsingh/Desktop/ScrapeIT/Speedy-Scraper/.venv/lib/python3.13/site-packages/playwright/_impl/_page.py", line 1142, in wait_for_timeout
    await self._main_frame.wait_for_timeout(timeout)
  File "/Users/ramanjotsingh/Desktop/ScrapeIT/Speedy-Scraper/.venv/lib/python3.13/site-packages/playwright/_impl/_frame.py", line 924, in wait_for_timeout
    await self._channel.send("waitForTimeout", None, {"waitTimeout": timeout})
  File "/Users/ramanjotsingh/Desktop/ScrapeIT/Speedy-Scraper/.venv/lib/python3.13/site-packages/playwright/_impl/_connection.py", line 76, in send
    return await self._connection.wrap_api_call(
           ^^^^^^^^^^^^^^^^^^^^^^^^^^^^^^^^^^^^^
    ...<3 lines>...
    )
    ^
  File "/Users/ramanjotsingh/Desktop/ScrapeIT/Speedy-Scraper/.venv/lib/python3.13/site-packages/playwright/_impl/_connection.py", line 632, in wrap_api_call
    raise rewrite_error(error, f"{parsed_st['apiName']}: {error}") from None
playwright._impl._errors.TargetClosedError: Page.wait_for_timeout: Target page, context or browser has been closed
